02425294124166176216218-2032-328214468172183596848718674687021887968867181587100375904302112721883852052322115226639
197